2026-05-08 17:50:37,948 - db_helper - INFO - fetch_expenses_for_date called with 2024-08-01
2026-05-08 17:50:37,994 - db_helper - INFO - fetch_expense_summary called with start: 2024-08-01 end: 2024-08-05
2026-05-08 18:21:21,374 - db_helper - INFO - fetch_expenses_for_date called with 2024-09-30
2026-05-08 18:21:21,407 - db_helper - INFO - fetch_expense_summary called with start: 2024-08-01 end: 2024-08-05
2026-05-08 18:28:55,754 - db_helper - INFO - fetch_expenses_for_date called with 2024-08-01
2026-05-08 18:29:01,498 - db_helper - INFO - delete_expenses_for_data called with 2024-08-28
2026-05-08 18:29:01,533 - db_helper - INFO - insert_expense called with date: 2024-08-28, amount: 23.0, category: Shopping. notes: Bought a mercedez car
2026-05-08 19:06:59,002 - db_helper - INFO - fetch_expenses_for_date called with 2024-08-01
2026-05-08 19:07:07,352 - db_helper - INFO - fetch_expenses_for_date called with 2024-08-09
2026-05-08 19:07:09,996 - db_helper - INFO - fetch_expenses_for_date called with 2024-08-01
2026-05-08 19:17:34,805 - db_helper - INFO - fetch_expenses_for_date called with 2024-08-01
2026-05-08 19:18:05,328 - db_helper - INFO - fetch_expenses_for_date called with 2024-08-01
2026-05-08 19:18:31,630 - db_helper - INFO - fetch_expenses_for_date called with 2024-08-01
2026-05-08 19:19:15,520 - db_helper - INFO - fetch_expenses_for_date called with 2024-08-01
2026-05-08 19:19:38,505 - db_helper - INFO - fetch_expenses_for_date called with 2024-08-01
2026-05-08 19:20:45,944 - db_helper - INFO - fetch_expenses_for_date called with 2024-08-01
2026-05-08 19:21:54,043 - db_helper - INFO - fetch_expenses_for_date called with 2024-08-01
2026-05-08 19:22:19,163 - db_helper - INFO - fetch_expenses_for_date called with 2024-08-01
2026-05-08 19:24:36,803 - db_helper - INFO - fetch_expenses_for_date called with 2024-08-01
2026-05-08 19:27:53,111 - db_helper - INFO - fetch_expenses_for_date called with 2024-08-01
2026-05-08 19:28:15,957 - db_helper - INFO - fetch_expenses_for_date called with 2024-08-01
2026-05-08 19:29:14,667 - db_helper - INFO - fetch_expenses_for_date called with 2024-08-01
2026-05-08 19:29:46,475 - db_helper - INFO - fetch_expenses_for_date called with 2024-08-01
2026-05-08 19:29:52,126 - db_helper - INFO - fetch_expenses_for_date called with 2024-08-01
2026-05-08 19:30:43,668 - db_helper - INFO - fetch_expenses_for_date called with 2024-08-01
2026-05-08 19:31:15,292 - db_helper - INFO - fetch_expenses_for_date called with 2024-08-01
2026-05-08 19:31:44,600 - db_helper - INFO - fetch_expenses_for_date called with 2024-08-07
2026-05-08 19:31:47,975 - db_helper - INFO - fetch_expenses_for_date called with 2024-08-07
2026-05-08 19:31:50,872 - db_helper - INFO - fetch_expenses_for_date called with 2024-08-01
2026-05-08 19:31:53,739 - db_helper - INFO - fetch_expenses_for_date called with 2024-08-06
2026-05-08 19:31:56,516 - db_helper - INFO - fetch_expenses_for_date called with 2024-08-02
2026-05-08 19:33:16,617 - db_helper - INFO - fetch_expenses_for_date called with 2024-08-01
2026-05-08 19:33:19,098 - db_helper - INFO - fetch_expenses_for_date called with 2024-08-08
2026-05-08 19:33:21,783 - db_helper - INFO - fetch_expenses_for_date called with 2024-08-06
2026-05-08 19:33:26,443 - db_helper - INFO - fetch_expenses_for_date called with 2024-08-01
2026-05-08 19:33:28,270 - db_helper - INFO - fetch_expenses_for_date called with 2024-08-02
2026-05-08 19:35:43,167 - db_helper - INFO - fetch_expenses_for_date called with 2024-08-01
2026-05-08 19:35:44,840 - db_helper - INFO - fetch_expenses_for_date called with 2024-08-02
2026-05-08 19:35:46,905 - db_helper - INFO - fetch_expenses_for_date called with 2024-08-06
2026-05-08 19:35:48,586 - db_helper - INFO - fetch_expenses_for_date called with 2024-08-07
2026-05-08 19:42:23,855 - db_helper - INFO - fetch_expenses_for_date called with 2024-08-01
2026-05-08 19:42:47,969 - db_helper - INFO - fetch_expenses_for_date called with 2024-08-07
2026-05-08 19:45:25,808 - db_helper - INFO - fetch_expenses_for_date called with 2024-08-07
2026-05-08 19:45:30,196 - db_helper - INFO - fetch_expenses_for_date called with 2024-08-01
2026-05-08 19:45:32,475 - db_helper - INFO - fetch_expenses_for_date called with 2024-08-07
2026-05-08 19:46:01,390 - db_helper - INFO - fetch_expenses_for_date called with 2024-08-01
2026-05-08 19:46:04,728 - db_helper - INFO - fetch_expenses_for_date called with 2024-08-08
2026-05-08 19:47:31,943 - db_helper - INFO - fetch_expenses_for_date called with 2024-08-01
2026-05-08 19:47:34,447 - db_helper - INFO - fetch_expenses_for_date called with 2024-08-08
2026-05-08 19:48:06,069 - db_helper - INFO - fetch_expenses_for_date called with 2024-08-07
2026-05-08 19:48:22,889 - db_helper - INFO - fetch_expenses_for_date called with 2024-08-01
2026-05-08 19:48:56,906 - db_helper - INFO - fetch_expenses_for_date called with 2024-08-01
2026-05-08 19:48:59,649 - db_helper - INFO - fetch_expenses_for_date called with 2024-08-07
2026-05-08 19:49:02,078 - db_helper - INFO - fetch_expenses_for_date called with 2024-08-12
2026-05-08 19:50:48,769 - db_helper - INFO - fetch_expenses_for_date called with 2024-08-01
2026-05-08 19:50:50,925 - db_helper - INFO - fetch_expenses_for_date called with 2024-08-08
2026-05-08 19:51:44,393 - db_helper - INFO - fetch_expenses_for_date called with 2024-08-08
2026-05-08 19:51:44,455 - db_helper - INFO - delete_expenses_for_data called with 2024-08-08
2026-05-08 19:51:44,498 - db_helper - INFO - insert_expense called with date: 2024-08-08, amount: 20.0, category: Shopping. notes: bought coconut
2026-05-08 19:51:44,544 - db_helper - INFO - insert_expense called with date: 2024-08-08, amount: 10.0, category: Shopping. notes: bought hair oil
2026-05-08 19:51:44,577 - db_helper - INFO - insert_expense called with date: 2024-08-08, amount: 40.0, category: Food. notes: ate pakoda
2026-05-08 19:51:53,211 - db_helper - INFO - fetch_expenses_for_date called with 2024-08-07
2026-05-08 19:51:55,354 - db_helper - INFO - fetch_expenses_for_date called with 2024-08-08
